@exceptions.str.1 = private unnamed_addr constant  [59 x i8] c"Exception in thread main kotlin.KotlinNullPointerException\00", align 1
declare void @llvm.memcpy.p0i8.p0i8.i64(i8* nocapture, i8* nocapture readonly, i64, i32, i1)
declare i8* @malloc_heap(i32)
declare i32 @printf(i8*, ...)
declare void @abort()
%class.Nothing = type { }
%class.nullable_1_MyAwesomeClass = type { i32 }
define weak void @nullable_1_MyAwesomeClass_Int(%class.nullable_1_MyAwesomeClass*  %classvariable.this, i32  %nullable_1_MyAwesomeClass.i) #0
{
%classvariable.this.addr = alloca %class.nullable_1_MyAwesomeClass, align 8
%nullable_1_MyAwesomeClass.i.addr = alloca i32, align 4
store i32 %nullable_1_MyAwesomeClass.i, i32* %nullable_1_MyAwesomeClass.i.addr, align 4
%var2 = load i32* %nullable_1_MyAwesomeClass.i.addr, align 4
%var3 = getelementptr inbounds %class.nullable_1_MyAwesomeClass* %classvariable.this.addr, i32 0, i32 0
store i32 %var2, i32* %var3, align 4
%var4 = bitcast %class.nullable_1_MyAwesomeClass* %classvariable.this to i8*
%var5 = bitcast %class.nullable_1_MyAwesomeClass* %classvariable.this.addr to i8*
call void @llvm.memcpy.p0i8.p0i8.i64(i8* %var4, i8* %var5, i64 4, i32 4, i1 false)
ret void 
unreachable
}
define weak i32 @nullable_1_test_null_return() #0
{
ret i32 11
unreachable
}
define weak void @nullable_1_test_null_return_slave(%class.nullable_1_MyAwesomeClass**  %instance) #0
{
store %class.nullable_1_MyAwesomeClass* null, %class.nullable_1_MyAwesomeClass** %instance, align 1
ret void 
unreachable
}
define weak i32 @nullable_1_test_Int(i32  %nullable_1_test.i) #0
{
%nullable_1_test.i.addr = alloca i32, align 4
store i32 %nullable_1_test.i, i32* %nullable_1_test.i.addr, align 4
%managed.unique.0.nullable_1_test.x = alloca %class.nullable_1_MyAwesomeClass*, align 8
%var6 = load %class.nullable_1_MyAwesomeClass** %managed.unique.0.nullable_1_test.x, align 8
store %class.nullable_1_MyAwesomeClass* null, %class.nullable_1_MyAwesomeClass** %managed.unique.0.nullable_1_test.x, align 8
%var7 = load i32* %nullable_1_test.i.addr, align 4
%var9 = call i8* @malloc_heap(i32 4)
%var8 = bitcast i8* %var9 to %class.nullable_1_MyAwesomeClass*
%var10 = alloca %class.nullable_1_MyAwesomeClass*, align 8
store %class.nullable_1_MyAwesomeClass* %var8, %class.nullable_1_MyAwesomeClass** %var10, align 8
call void @nullable_1_MyAwesomeClass_Int(%class.nullable_1_MyAwesomeClass* %var8, i32 %var7)
%var11 = load %class.nullable_1_MyAwesomeClass** %managed.unique.0.nullable_1_test.x, align 8
%var12 = load %class.nullable_1_MyAwesomeClass** %var10, align 8
store %class.nullable_1_MyAwesomeClass* %var12, %class.nullable_1_MyAwesomeClass** %managed.unique.0.nullable_1_test.x, align 8
%var13 = load %class.nullable_1_MyAwesomeClass** %managed.unique.0.nullable_1_test.x, align 8
%var14 = getelementptr inbounds %class.nullable_1_MyAwesomeClass* %var13, i32 0, i32 0
%var15 = load i32* %var14, align 4
ret i32 %var15
unreachable
}
define weak i32 @nullable_1_test_2_Int(i32  %nullable_1_test_2.i) #0
{
%nullable_1_test_2.i.addr = alloca i32, align 4
store i32 %nullable_1_test_2.i, i32* %nullable_1_test_2.i.addr, align 4
%var16 = load i32* %nullable_1_test_2.i.addr, align 4
%var18 = call i8* @malloc_heap(i32 4)
%var17 = bitcast i8* %var18 to %class.nullable_1_MyAwesomeClass*
%var19 = alloca %class.nullable_1_MyAwesomeClass*, align 8
store %class.nullable_1_MyAwesomeClass* %var17, %class.nullable_1_MyAwesomeClass** %var19, align 8
call void @nullable_1_MyAwesomeClass_Int(%class.nullable_1_MyAwesomeClass* %var17, i32 %var16)
%managed.unique.1.nullable_1_test_2.x = alloca %class.nullable_1_MyAwesomeClass*, align 8
%var20 = load %class.nullable_1_MyAwesomeClass** %managed.unique.1.nullable_1_test_2.x, align 8
%var21 = load %class.nullable_1_MyAwesomeClass** %var19, align 8
store %class.nullable_1_MyAwesomeClass* %var21, %class.nullable_1_MyAwesomeClass** %managed.unique.1.nullable_1_test_2.x, align 8
%var22 = load %class.nullable_1_MyAwesomeClass** %managed.unique.1.nullable_1_test_2.x, align 8
store %class.nullable_1_MyAwesomeClass* null, %class.nullable_1_MyAwesomeClass** %managed.unique.1.nullable_1_test_2.x, align 8
%var23 = load i32* %nullable_1_test_2.i.addr, align 4
%var25 = call i8* @malloc_heap(i32 4)
%var24 = bitcast i8* %var25 to %class.nullable_1_MyAwesomeClass*
%var26 = alloca %class.nullable_1_MyAwesomeClass*, align 8
store %class.nullable_1_MyAwesomeClass* %var24, %class.nullable_1_MyAwesomeClass** %var26, align 8
call void @nullable_1_MyAwesomeClass_Int(%class.nullable_1_MyAwesomeClass* %var24, i32 %var23)
%var27 = load %class.nullable_1_MyAwesomeClass** %managed.unique.1.nullable_1_test_2.x, align 8
%var28 = load %class.nullable_1_MyAwesomeClass** %var26, align 8
store %class.nullable_1_MyAwesomeClass* %var28, %class.nullable_1_MyAwesomeClass** %managed.unique.1.nullable_1_test_2.x, align 8
%var29 = load %class.nullable_1_MyAwesomeClass** %managed.unique.1.nullable_1_test_2.x, align 8
%var30 = getelementptr inbounds %class.nullable_1_MyAwesomeClass* %var29, i32 0, i32 0
%var31 = load i32* %var30, align 4
%var32 = add nsw i32 %var31, 1
ret i32 %var32
unreachable
}
define weak i32 @nullable_1_test_2_npe_operator_Int(i32  %nullable_1_test_2_npe_operator.i) #0
{
%nullable_1_test_2_npe_operator.i.addr = alloca i32, align 4
store i32 %nullable_1_test_2_npe_operator.i, i32* %nullable_1_test_2_npe_operator.i.addr, align 4
%var33 = load i32* %nullable_1_test_2_npe_operator.i.addr, align 4
%var35 = call i8* @malloc_heap(i32 4)
%var34 = bitcast i8* %var35 to %class.nullable_1_MyAwesomeClass*
%var36 = alloca %class.nullable_1_MyAwesomeClass*, align 8
store %class.nullable_1_MyAwesomeClass* %var34, %class.nullable_1_MyAwesomeClass** %var36, align 8
call void @nullable_1_MyAwesomeClass_Int(%class.nullable_1_MyAwesomeClass* %var34, i32 %var33)
%managed.unique.2.nullable_1_test_2_npe_operator.x = alloca %class.nullable_1_MyAwesomeClass*, align 8
%var37 = load %class.nullable_1_MyAwesomeClass** %managed.unique.2.nullable_1_test_2_npe_operator.x, align 8
%var38 = load %class.nullable_1_MyAwesomeClass** %var36, align 8
store %class.nullable_1_MyAwesomeClass* %var38, %class.nullable_1_MyAwesomeClass** %managed.unique.2.nullable_1_test_2_npe_operator.x, align 8
%var40 = load %class.nullable_1_MyAwesomeClass** %managed.unique.2.nullable_1_test_2_npe_operator.x, align 8
%var39 = icmp eq %class.nullable_1_MyAwesomeClass* null, %var40
br i1 %var39, label %label.nullCheck.1, label %label.nullCheck.2
label.nullCheck.1:
%var41 = call i32 (i8*, ...)* @printf(i8* getelementptr inbounds ([59 x i8]* @exceptions.str.1, i32 0, i32 0))
call void @abort()
br label %label.nullCheck.2
label.nullCheck.2:
%var42 = load %class.nullable_1_MyAwesomeClass** %managed.unique.2.nullable_1_test_2_npe_operator.x, align 8
%var43 = getelementptr inbounds %class.nullable_1_MyAwesomeClass* %var42, i32 0, i32 0
%var44 = load i32* %var43, align 4
%var45 = add nsw i32 %var44, 555
ret i32 %var45
unreachable
}

