@exceptions.str.1 = private unnamed_addr constant  [59 x i8] c"Exception in thread main kotlin.KotlinNullPointerException\00", align 1
declare void @llvm.memcpy.p0i8.p0i8.i64(i8* nocapture, i8* nocapture readonly, i64, i32, i1)
declare i8* @malloc_heap(i32)
declare i32 @printf(i8*, ...)
declare void @abort()
%class.Nothing = type { }
define weak i32 @variables_assigment_1_Int(i32  %variables_assigment_1.x) #0
{
%variables_assigment_1.x.addr = alloca i32, align 4
store i32 %variables_assigment_1.x, i32* %variables_assigment_1.x.addr, align 4
%managed.unique.0.variables_assigment_1.z = alloca i32, align 4
%var2 = load i32* %managed.unique.0.variables_assigment_1.z, align 4
%var3 = load i32* %variables_assigment_1.x.addr, align 4
store i32 %var3, i32* %managed.unique.0.variables_assigment_1.z, align 4
%var4 = load i32* %managed.unique.0.variables_assigment_1.z, align 4
%var5 = alloca i32, align 4
%var6 = load i32* %managed.unique.0.variables_assigment_1.z, align 4
store i32 %var6, i32* %var5, align 4
%var7 = add nsw i32 %var4, 1
store i32 %var7, i32* %managed.unique.0.variables_assigment_1.z, align 4
%var8 = load i32* %variables_assigment_1.x.addr, align 4
ret i32 %var8
unreachable
}

