@exceptions.str.1 = private unnamed_addr constant  [59 x i8] c"Exception in thread main kotlin.KotlinNullPointerException\00", align 1
declare void @llvm.memcpy.p0i8.p0i8.i64(i8* nocapture, i8* nocapture readonly, i64, i32, i1)
declare i8* @malloc_heap(i32)
declare i32 @printf(i8*, ...)
declare void @abort()
%class.Nothing = type { }
%class.get_set_operators_1_class = type { i32 }
define weak void @get_set_operators_1_class(%class.get_set_operators_1_class*  %classvariable.this) #0
{
%classvariable.this.addr = alloca %class.get_set_operators_1_class, align 8
%var2 = getelementptr inbounds %class.get_set_operators_1_class* %classvariable.this.addr, i32 0, i32 0
%var3 = load i32* %var2, align 4
store i32 9, i32* %var2, align 4
%var4 = bitcast %class.get_set_operators_1_class* %classvariable.this to i8*
%var5 = bitcast %class.get_set_operators_1_class* %classvariable.this.addr to i8*
call void @llvm.memcpy.p0i8.p0i8.i64(i8* %var4, i8* %var5, i64 4, i32 4, i1 false)
ret void 
unreachable
}
define weak i32 @get_set_operators_1_class.get_Int(%class.get_set_operators_1_class*  %classvariable.this, i32  %get_set_operators_1_class.get.x) #0
{
%get_set_operators_1_class.get.x.addr = alloca i32, align 4
store i32 %get_set_operators_1_class.get.x, i32* %get_set_operators_1_class.get.x.addr, align 4
%var6 = load i32* %get_set_operators_1_class.get.x.addr, align 4
%var7 = add nsw i32 %var6, 8
ret i32 %var7
unreachable
}
define weak void @get_set_operators_1_class.set_Int_Int(%class.get_set_operators_1_class*  %classvariable.this, i32  %get_set_operators_1_class.set.x, i32  %get_set_operators_1_class.set.y) #0
{
%get_set_operators_1_class.set.x.addr = alloca i32, align 4
store i32 %get_set_operators_1_class.set.x, i32* %get_set_operators_1_class.set.x.addr, align 4
%get_set_operators_1_class.set.y.addr = alloca i32, align 4
store i32 %get_set_operators_1_class.set.y, i32* %get_set_operators_1_class.set.y.addr, align 4
%var8 = getelementptr inbounds %class.get_set_operators_1_class* %classvariable.this, i32 0, i32 0
%var9 = load i32* %get_set_operators_1_class.set.x.addr, align 4
%var10 = load i32* %get_set_operators_1_class.set.y.addr, align 4
%var11 = add nsw i32 %var9, %var10
%var12 = load i32* %var8, align 4
store i32 %var11, i32* %var8, align 4
ret void 
unreachable
}
define weak i32 @get_set_operators_1_get_Int(i32  %get_set_operators_1_get.arg) #0
{
%get_set_operators_1_get.arg.addr = alloca i32, align 4
store i32 %get_set_operators_1_get.arg, i32* %get_set_operators_1_get.arg.addr, align 4
%var14 = call i8* @malloc_heap(i32 4)
%var13 = bitcast i8* %var14 to %class.get_set_operators_1_class*
%var15 = alloca %class.get_set_operators_1_class*, align 8
store %class.get_set_operators_1_class* %var13, %class.get_set_operators_1_class** %var15, align 8
call void @get_set_operators_1_class(%class.get_set_operators_1_class* %var13)
%managed.unique.0.get_set_operators_1_get.b = alloca %class.get_set_operators_1_class*, align 8
%var16 = load %class.get_set_operators_1_class** %managed.unique.0.get_set_operators_1_get.b, align 8
%var17 = load %class.get_set_operators_1_class** %var15, align 8
store %class.get_set_operators_1_class* %var17, %class.get_set_operators_1_class** %managed.unique.0.get_set_operators_1_get.b, align 8
%var18 = load %class.get_set_operators_1_class** %managed.unique.0.get_set_operators_1_get.b, align 8
%var19 = load i32* %get_set_operators_1_get.arg.addr, align 4
%var20 = call i32 @get_set_operators_1_class.get_Int(%class.get_set_operators_1_class* %var18, i32 %var19)
%var21 = alloca i32, align 4
store i32 %var20, i32* %var21, align 4
%var22 = load i32* %var21, align 4
ret i32 %var22
unreachable
}
define weak i32 @get_set_operators_1_set_Int_Int(i32  %get_set_operators_1_set.ind, i32  %get_set_operators_1_set.arg) #0
{
%get_set_operators_1_set.ind.addr = alloca i32, align 4
store i32 %get_set_operators_1_set.ind, i32* %get_set_operators_1_set.ind.addr, align 4
%get_set_operators_1_set.arg.addr = alloca i32, align 4
store i32 %get_set_operators_1_set.arg, i32* %get_set_operators_1_set.arg.addr, align 4
%var24 = call i8* @malloc_heap(i32 4)
%var23 = bitcast i8* %var24 to %class.get_set_operators_1_class*
%var25 = alloca %class.get_set_operators_1_class*, align 8
store %class.get_set_operators_1_class* %var23, %class.get_set_operators_1_class** %var25, align 8
call void @get_set_operators_1_class(%class.get_set_operators_1_class* %var23)
%managed.unique.1.get_set_operators_1_set.b = alloca %class.get_set_operators_1_class*, align 8
%var26 = load %class.get_set_operators_1_class** %managed.unique.1.get_set_operators_1_set.b, align 8
%var27 = load %class.get_set_operators_1_class** %var25, align 8
store %class.get_set_operators_1_class* %var27, %class.get_set_operators_1_class** %managed.unique.1.get_set_operators_1_set.b, align 8
%var28 = load %class.get_set_operators_1_class** %managed.unique.1.get_set_operators_1_set.b, align 8
%var29 = load i32* %get_set_operators_1_set.ind.addr, align 4
%var30 = load i32* %get_set_operators_1_set.arg.addr, align 4
call void @get_set_operators_1_class.set_Int_Int(%class.get_set_operators_1_class* %var28, i32 %var29, i32 %var30)
%var31 = load %class.get_set_operators_1_class** %managed.unique.1.get_set_operators_1_set.b, align 8
%var32 = getelementptr inbounds %class.get_set_operators_1_class* %var31, i32 0, i32 0
%var33 = load i32* %var32, align 4
ret i32 %var33
unreachable
}

