@exceptions.str.1 = private unnamed_addr constant  [59 x i8] c"Exception in thread main kotlin.KotlinNullPointerException\00", align 1
declare void @llvm.memcpy.p0i8.p0i8.i64(i8* nocapture, i8* nocapture readonly, i64, i32, i1)
declare i8* @malloc_heap(i32)
declare i32 @printf(i8*, ...)
declare void @abort()
%class.Nothing = type { }
%class.initialized_class_fields_1_class = type { i32 }
define weak void @initialized_class_fields_1_class(%class.initialized_class_fields_1_class*  %classvariable.this) #0
{
%classvariable.this.addr = alloca %class.initialized_class_fields_1_class, align 8
%var2 = getelementptr inbounds %class.initialized_class_fields_1_class* %classvariable.this.addr, i32 0, i32 0
%var3 = load i32* %var2, align 4
store i32 524, i32* %var2, align 4
%var4 = bitcast %class.initialized_class_fields_1_class* %classvariable.this to i8*
%var5 = bitcast %class.initialized_class_fields_1_class* %classvariable.this.addr to i8*
call void @llvm.memcpy.p0i8.p0i8.i64(i8* %var4, i8* %var5, i64 4, i32 4, i1 false)
ret void 
unreachable
}
define weak i32 @initialized_class_fields_1() #0
{
%var7 = call i8* @malloc_heap(i32 4)
%var6 = bitcast i8* %var7 to %class.initialized_class_fields_1_class*
%var8 = alloca %class.initialized_class_fields_1_class*, align 8
store %class.initialized_class_fields_1_class* %var6, %class.initialized_class_fields_1_class** %var8, align 8
call void @initialized_class_fields_1_class(%class.initialized_class_fields_1_class* %var6)
%managed.unique.0.initialized_class_fields_1.instance = alloca %class.initialized_class_fields_1_class*, align 8
%var9 = load %class.initialized_class_fields_1_class** %managed.unique.0.initialized_class_fields_1.instance, align 8
%var10 = load %class.initialized_class_fields_1_class** %var8, align 8
store %class.initialized_class_fields_1_class* %var10, %class.initialized_class_fields_1_class** %managed.unique.0.initialized_class_fields_1.instance, align 8
%var11 = load %class.initialized_class_fields_1_class** %managed.unique.0.initialized_class_fields_1.instance, align 8
%var12 = getelementptr inbounds %class.initialized_class_fields_1_class* %var11, i32 0, i32 0
%var13 = load i32* %var12, align 4
ret i32 %var13
unreachable
}

