@exceptions.str.1 = private unnamed_addr constant  [59 x i8] c"Exception in thread main kotlin.KotlinNullPointerException\00", align 1
declare void @llvm.memcpy.p0i8.p0i8.i64(i8* nocapture, i8* nocapture readonly, i64, i32, i1)
declare i8* @malloc_heap(i32)
declare i32 @printf(i8*, ...)
declare void @abort()
%class.Nothing = type { }
%class.class_methods_1_class = type {  }
define weak void @class_methods_1_class(%class.class_methods_1_class*  %classvariable.this) #0
{
%classvariable.this.addr = alloca %class.class_methods_1_class, align 8
%var2 = bitcast %class.class_methods_1_class* %classvariable.this to i8*
%var3 = bitcast %class.class_methods_1_class* %classvariable.this.addr to i8*
call void @llvm.memcpy.p0i8.p0i8.i64(i8* %var2, i8* %var3, i64 0, i32 4, i1 false)
ret void 
unreachable
}
define weak i32 @class_methods_1_class.method_Int(%class.class_methods_1_class*  %classvariable.this, i32  %class_methods_1_class.method.t) #0
{
%class_methods_1_class.method.t.addr = alloca i32, align 4
store i32 %class_methods_1_class.method.t, i32* %class_methods_1_class.method.t.addr, align 4
%var4 = load i32* %class_methods_1_class.method.t.addr, align 4
%var5 = add nsw i32 %var4, 5
ret i32 %var5
unreachable
}
define weak i32 @class_methods_1_Int(i32  %class_methods_1.zz) #0
{
%class_methods_1.zz.addr = alloca i32, align 4
store i32 %class_methods_1.zz, i32* %class_methods_1.zz.addr, align 4
%var7 = call i8* @malloc_heap(i32 0)
%var6 = bitcast i8* %var7 to %class.class_methods_1_class*
%var8 = alloca %class.class_methods_1_class*, align 8
store %class.class_methods_1_class* %var6, %class.class_methods_1_class** %var8, align 8
call void @class_methods_1_class(%class.class_methods_1_class* %var6)
%managed.unique.0.class_methods_1.x = alloca %class.class_methods_1_class*, align 8
%var9 = load %class.class_methods_1_class** %managed.unique.0.class_methods_1.x, align 8
%var10 = load %class.class_methods_1_class** %var8, align 8
store %class.class_methods_1_class* %var10, %class.class_methods_1_class** %managed.unique.0.class_methods_1.x, align 8
%var11 = load %class.class_methods_1_class** %managed.unique.0.class_methods_1.x, align 8
%var12 = load i32* %class_methods_1.zz.addr, align 4
%var13 = call i32 @class_methods_1_class.method_Int(%class.class_methods_1_class* %var11, i32 %var12)
%var14 = alloca i32, align 4
store i32 %var13, i32* %var14, align 4
%var15 = load i32* %var14, align 4
ret i32 %var15
unreachable
}

