@exceptions.str.1 = private unnamed_addr constant  [59 x i8] c"Exception in thread main kotlin.KotlinNullPointerException\00", align 1
declare void @llvm.memcpy.p0i8.p0i8.i64(i8* nocapture, i8* nocapture readonly, i64, i32, i1)
declare i8* @malloc_heap(i32)
declare i32 @printf(i8*, ...)
declare void @abort()
%class.Nothing = type { }
define weak i32 @if_expression_1_Int(i32  %if_expression_1.x) #0
{
%if_expression_1.x.addr = alloca i32, align 4
store i32 %if_expression_1.x, i32* %if_expression_1.x.addr, align 4
%var2 = load i32* %if_expression_1.x.addr, align 4
%var3 = icmp sgt i32 %var2, 55
%var4 = alloca i32, align 4
br i1 %var3, label %label.if_then.1, label %label.if_else.2
label.if_then.1:
store i32 2323, i32* %var4, align 4
br label %label.if_end.3
label.if_else.2:
store i32 678934, i32* %var4, align 4
br label %label.if_end.3
label.if_end.3:
%var5 = load i32* %var4, align 4
ret i32 %var5
unreachable
}
define weak i32 @if_expression_1_variable_Int(i32  %if_expression_1_variable.x) #0
{
%if_expression_1_variable.x.addr = alloca i32, align 4
store i32 %if_expression_1_variable.x, i32* %if_expression_1_variable.x.addr, align 4
%managed.unique.0.if_expression_1_variable.first = alloca i32, align 4
%var6 = load i32* %managed.unique.0.if_expression_1_variable.first, align 4
store i32 5, i32* %managed.unique.0.if_expression_1_variable.first, align 4
%managed.unique.1.if_expression_1_variable.second = alloca i32, align 4
%var7 = load i32* %managed.unique.1.if_expression_1_variable.second, align 4
store i32 7, i32* %managed.unique.1.if_expression_1_variable.second, align 4
%var8 = load i32* %if_expression_1_variable.x.addr, align 4
%var9 = icmp sgt i32 %var8, 55
%var10 = alloca i32, align 4
br i1 %var9, label %label.if_then.4, label %label.if_else.5
label.if_then.4:
%var11 = load i32* %managed.unique.0.if_expression_1_variable.first, align 4
store i32 %var11, i32* %var10, align 4
br label %label.if_end.6
label.if_else.5:
%var12 = load i32* %managed.unique.1.if_expression_1_variable.second, align 4
store i32 %var12, i32* %var10, align 4
br label %label.if_end.6
label.if_end.6:
%var13 = load i32* %var10, align 4
ret i32 %var13
unreachable
}

