@exceptions.str.1 = private unnamed_addr constant  [59 x i8] c"Exception in thread main kotlin.KotlinNullPointerException\00", align 1
declare void @llvm.memcpy.p0i8.p0i8.i64(i8* nocapture, i8* nocapture readonly, i64, i32, i1)
declare i8* @malloc_heap(i32)
declare i32 @printf(i8*, ...)
declare void @abort()
%class.Nothing = type { }
%class.this_test_1_class = type { i32 }
define weak void @this_test_1_class(%class.this_test_1_class*  %classvariable.this) #0
{
%classvariable.this.addr = alloca %class.this_test_1_class, align 8
%var2 = getelementptr inbounds %class.this_test_1_class* %classvariable.this.addr, i32 0, i32 0
%var3 = load i32* %var2, align 4
store i32 5, i32* %var2, align 4
%var4 = bitcast %class.this_test_1_class* %classvariable.this to i8*
%var5 = bitcast %class.this_test_1_class* %classvariable.this.addr to i8*
call void @llvm.memcpy.p0i8.p0i8.i64(i8* %var4, i8* %var5, i64 4, i32 4, i1 false)
ret void 
unreachable
}
define weak void @this_test_1_class.f_Int(%class.this_test_1_class*  %classvariable.this, i32  %this_test_1_class.f.x) #0
{
%this_test_1_class.f.x.addr = alloca i32, align 4
store i32 %this_test_1_class.f.x, i32* %this_test_1_class.f.x.addr, align 4
%var6 = getelementptr inbounds %class.this_test_1_class* %classvariable.this, i32 0, i32 0
%var7 = load i32* %this_test_1_class.f.x.addr, align 4
%var8 = add nsw i32 %var7, 5
%var9 = load i32* %var6, align 4
store i32 %var8, i32* %var6, align 4
ret void 
unreachable
}
define weak i32 @this_test_1_Int(i32  %this_test_1.arg) #0
{
%this_test_1.arg.addr = alloca i32, align 4
store i32 %this_test_1.arg, i32* %this_test_1.arg.addr, align 4
%var11 = call i8* @malloc_heap(i32 4)
%var10 = bitcast i8* %var11 to %class.this_test_1_class*
%var12 = alloca %class.this_test_1_class*, align 8
store %class.this_test_1_class* %var10, %class.this_test_1_class** %var12, align 8
call void @this_test_1_class(%class.this_test_1_class* %var10)
%managed.unique.0.this_test_1.instance = alloca %class.this_test_1_class*, align 8
%var13 = load %class.this_test_1_class** %managed.unique.0.this_test_1.instance, align 8
%var14 = load %class.this_test_1_class** %var12, align 8
store %class.this_test_1_class* %var14, %class.this_test_1_class** %managed.unique.0.this_test_1.instance, align 8
%var15 = load %class.this_test_1_class** %managed.unique.0.this_test_1.instance, align 8
%var16 = load i32* %this_test_1.arg.addr, align 4
call void @this_test_1_class.f_Int(%class.this_test_1_class* %var15, i32 %var16)
%var17 = load %class.this_test_1_class** %managed.unique.0.this_test_1.instance, align 8
%var18 = getelementptr inbounds %class.this_test_1_class* %var17, i32 0, i32 0
%var19 = load i32* %var18, align 4
ret i32 %var19
unreachable
}

