@exceptions.str.1 = private unnamed_addr constant  [59 x i8] c"Exception in thread main kotlin.KotlinNullPointerException\00", align 1
declare void @llvm.memcpy.p0i8.p0i8.i64(i8* nocapture, i8* nocapture readonly, i64, i32, i1)
declare i8* @malloc_heap(i32)
declare i32 @printf(i8*, ...)
declare void @abort()
%class.Nothing = type { }
@MY_FIRST_CONSTANT = global i32 3000, align 4
@MY_SECOND_CONSTANT = global i32 4000, align 4
define weak i32 @global_test1() #0
{
%var2 = load i32* @MY_FIRST_CONSTANT, align 4
ret i32 %var2
unreachable
}
define weak i32 @global_test2() #0
{
%var3 = load i32* @MY_SECOND_CONSTANT, align 4
%var4 = add nsw i32 %var3, 1
ret i32 %var4
unreachable
}

