@exceptions.str.1 = private unnamed_addr constant  [59 x i8] c"Exception in thread main kotlin.KotlinNullPointerException\00", align 1
declare void @llvm.memcpy.p0i8.p0i8.i64(i8* nocapture, i8* nocapture readonly, i64, i32, i1)
declare i8* @malloc_heap(i32)
declare i32 @printf(i8*, ...)
declare void @abort()
%class.Nothing = type { }
%class.referential_equality_1 = type {  }
define weak void @referential_equality_1(%class.referential_equality_1*  %classvariable.this) #0
{
%classvariable.this.addr = alloca %class.referential_equality_1, align 8
%var2 = bitcast %class.referential_equality_1* %classvariable.this to i8*
%var3 = bitcast %class.referential_equality_1* %classvariable.this.addr to i8*
call void @llvm.memcpy.p0i8.p0i8.i64(i8* %var2, i8* %var3, i64 0, i32 4, i1 false)
ret void 
unreachable
}
define weak i32 @referential_equality_1_EQEQEQ_false() #0
{
%var5 = call i8* @malloc_heap(i32 0)
%var4 = bitcast i8* %var5 to %class.referential_equality_1*
%var6 = alloca %class.referential_equality_1*, align 8
store %class.referential_equality_1* %var4, %class.referential_equality_1** %var6, align 8
call void @referential_equality_1(%class.referential_equality_1* %var4)
%managed.unique.0.referential_equality_1_EQEQEQ_false.instance = alloca %class.referential_equality_1*, align 8
%var7 = load %class.referential_equality_1** %managed.unique.0.referential_equality_1_EQEQEQ_false.instance, align 8
%var8 = load %class.referential_equality_1** %var6, align 8
store %class.referential_equality_1* %var8, %class.referential_equality_1** %managed.unique.0.referential_equality_1_EQEQEQ_false.instance, align 8
%var10 = call i8* @malloc_heap(i32 0)
%var9 = bitcast i8* %var10 to %class.referential_equality_1*
%var11 = alloca %class.referential_equality_1*, align 8
store %class.referential_equality_1* %var9, %class.referential_equality_1** %var11, align 8
call void @referential_equality_1(%class.referential_equality_1* %var9)
%managed.unique.1.referential_equality_1_EQEQEQ_false.instance2 = alloca %class.referential_equality_1*, align 8
%var12 = load %class.referential_equality_1** %managed.unique.1.referential_equality_1_EQEQEQ_false.instance2, align 8
%var13 = load %class.referential_equality_1** %var11, align 8
store %class.referential_equality_1* %var13, %class.referential_equality_1** %managed.unique.1.referential_equality_1_EQEQEQ_false.instance2, align 8
%var14 = load %class.referential_equality_1** %managed.unique.0.referential_equality_1_EQEQEQ_false.instance, align 8
%var15 = load %class.referential_equality_1** %managed.unique.1.referential_equality_1_EQEQEQ_false.instance2, align 8
%var16 = load %class.referential_equality_1** %managed.unique.0.referential_equality_1_EQEQEQ_false.instance, align 8
%var17 = load %class.referential_equality_1** %managed.unique.1.referential_equality_1_EQEQEQ_false.instance2, align 8
%var18 = icmp eq %class.referential_equality_1* %var16, %var17
%var19 = alloca i32, align 4
br i1 %var18, label %label.if_then.1, label %label.if_else.2
label.if_then.1:
store i32 1, i32* %var19, align 4
br label %label.if_end.3
label.if_else.2:
store i32 0, i32* %var19, align 4
br label %label.if_end.3
label.if_end.3:
%var20 = load i32* %var19, align 4
ret i32 %var20
unreachable
}
define weak i32 @referential_equality_1_EXCLEQEQ_false() #0
{
%var22 = call i8* @malloc_heap(i32 0)
%var21 = bitcast i8* %var22 to %class.referential_equality_1*
%var23 = alloca %class.referential_equality_1*, align 8
store %class.referential_equality_1* %var21, %class.referential_equality_1** %var23, align 8
call void @referential_equality_1(%class.referential_equality_1* %var21)
%managed.unique.2.referential_equality_1_EXCLEQEQ_false.instance = alloca %class.referential_equality_1*, align 8
%var24 = load %class.referential_equality_1** %managed.unique.2.referential_equality_1_EXCLEQEQ_false.instance, align 8
%var25 = load %class.referential_equality_1** %var23, align 8
store %class.referential_equality_1* %var25, %class.referential_equality_1** %managed.unique.2.referential_equality_1_EXCLEQEQ_false.instance, align 8
%var27 = call i8* @malloc_heap(i32 0)
%var26 = bitcast i8* %var27 to %class.referential_equality_1*
%var28 = alloca %class.referential_equality_1*, align 8
store %class.referential_equality_1* %var26, %class.referential_equality_1** %var28, align 8
call void @referential_equality_1(%class.referential_equality_1* %var26)
%managed.unique.3.referential_equality_1_EXCLEQEQ_false.instance2 = alloca %class.referential_equality_1*, align 8
%var29 = load %class.referential_equality_1** %managed.unique.3.referential_equality_1_EXCLEQEQ_false.instance2, align 8
%var30 = load %class.referential_equality_1** %var28, align 8
store %class.referential_equality_1* %var30, %class.referential_equality_1** %managed.unique.3.referential_equality_1_EXCLEQEQ_false.instance2, align 8
%var31 = load %class.referential_equality_1** %managed.unique.3.referential_equality_1_EXCLEQEQ_false.instance2, align 8
%var32 = load %class.referential_equality_1** %managed.unique.2.referential_equality_1_EXCLEQEQ_false.instance, align 8
store %class.referential_equality_1* %var32, %class.referential_equality_1** %managed.unique.3.referential_equality_1_EXCLEQEQ_false.instance2, align 8
%var33 = load %class.referential_equality_1** %managed.unique.2.referential_equality_1_EXCLEQEQ_false.instance, align 8
%var34 = load %class.referential_equality_1** %managed.unique.3.referential_equality_1_EXCLEQEQ_false.instance2, align 8
%var35 = load %class.referential_equality_1** %managed.unique.2.referential_equality_1_EXCLEQEQ_false.instance, align 8
%var36 = load %class.referential_equality_1** %managed.unique.3.referential_equality_1_EXCLEQEQ_false.instance2, align 8
%var37 = icmp ne %class.referential_equality_1* %var35, %var36
%var38 = alloca i32, align 4
br i1 %var37, label %label.if_then.4, label %label.if_else.5
label.if_then.4:
store i32 1, i32* %var38, align 4
br label %label.if_end.6
label.if_else.5:
store i32 0, i32* %var38, align 4
br label %label.if_end.6
label.if_end.6:
%var39 = load i32* %var38, align 4
ret i32 %var39
unreachable
}
define weak i32 @referential_equality_1_EXCLEQEQ_true() #0
{
%var41 = call i8* @malloc_heap(i32 0)
%var40 = bitcast i8* %var41 to %class.referential_equality_1*
%var42 = alloca %class.referential_equality_1*, align 8
store %class.referential_equality_1* %var40, %class.referential_equality_1** %var42, align 8
call void @referential_equality_1(%class.referential_equality_1* %var40)
%managed.unique.4.referential_equality_1_EXCLEQEQ_true.instance = alloca %class.referential_equality_1*, align 8
%var43 = load %class.referential_equality_1** %managed.unique.4.referential_equality_1_EXCLEQEQ_true.instance, align 8
%var44 = load %class.referential_equality_1** %var42, align 8
store %class.referential_equality_1* %var44, %class.referential_equality_1** %managed.unique.4.referential_equality_1_EXCLEQEQ_true.instance, align 8
%var46 = call i8* @malloc_heap(i32 0)
%var45 = bitcast i8* %var46 to %class.referential_equality_1*
%var47 = alloca %class.referential_equality_1*, align 8
store %class.referential_equality_1* %var45, %class.referential_equality_1** %var47, align 8
call void @referential_equality_1(%class.referential_equality_1* %var45)
%managed.unique.5.referential_equality_1_EXCLEQEQ_true.instance2 = alloca %class.referential_equality_1*, align 8
%var48 = load %class.referential_equality_1** %managed.unique.5.referential_equality_1_EXCLEQEQ_true.instance2, align 8
%var49 = load %class.referential_equality_1** %var47, align 8
store %class.referential_equality_1* %var49, %class.referential_equality_1** %managed.unique.5.referential_equality_1_EXCLEQEQ_true.instance2, align 8
%var50 = load %class.referential_equality_1** %managed.unique.4.referential_equality_1_EXCLEQEQ_true.instance, align 8
%var51 = load %class.referential_equality_1** %managed.unique.5.referential_equality_1_EXCLEQEQ_true.instance2, align 8
%var52 = load %class.referential_equality_1** %managed.unique.4.referential_equality_1_EXCLEQEQ_true.instance, align 8
%var53 = load %class.referential_equality_1** %managed.unique.5.referential_equality_1_EXCLEQEQ_true.instance2, align 8
%var54 = icmp ne %class.referential_equality_1* %var52, %var53
%var55 = alloca i32, align 4
br i1 %var54, label %label.if_then.7, label %label.if_else.8
label.if_then.7:
store i32 1, i32* %var55, align 4
br label %label.if_end.9
label.if_else.8:
store i32 0, i32* %var55, align 4
br label %label.if_end.9
label.if_end.9:
%var56 = load i32* %var55, align 4
ret i32 %var56
unreachable
}
define weak i32 @referential_equality_1_EQEQEQ_true() #0
{
%var58 = call i8* @malloc_heap(i32 0)
%var57 = bitcast i8* %var58 to %class.referential_equality_1*
%var59 = alloca %class.referential_equality_1*, align 8
store %class.referential_equality_1* %var57, %class.referential_equality_1** %var59, align 8
call void @referential_equality_1(%class.referential_equality_1* %var57)
%managed.unique.6.referential_equality_1_EQEQEQ_true.instance = alloca %class.referential_equality_1*, align 8
%var60 = load %class.referential_equality_1** %managed.unique.6.referential_equality_1_EQEQEQ_true.instance, align 8
%var61 = load %class.referential_equality_1** %var59, align 8
store %class.referential_equality_1* %var61, %class.referential_equality_1** %managed.unique.6.referential_equality_1_EQEQEQ_true.instance, align 8
%var63 = call i8* @malloc_heap(i32 0)
%var62 = bitcast i8* %var63 to %class.referential_equality_1*
%var64 = alloca %class.referential_equality_1*, align 8
store %class.referential_equality_1* %var62, %class.referential_equality_1** %var64, align 8
call void @referential_equality_1(%class.referential_equality_1* %var62)
%managed.unique.7.referential_equality_1_EQEQEQ_true.instance2 = alloca %class.referential_equality_1*, align 8
%var65 = load %class.referential_equality_1** %managed.unique.7.referential_equality_1_EQEQEQ_true.instance2, align 8
%var66 = load %class.referential_equality_1** %var64, align 8
store %class.referential_equality_1* %var66, %class.referential_equality_1** %managed.unique.7.referential_equality_1_EQEQEQ_true.instance2, align 8
%var67 = load %class.referential_equality_1** %managed.unique.7.referential_equality_1_EQEQEQ_true.instance2, align 8
%var68 = load %class.referential_equality_1** %managed.unique.6.referential_equality_1_EQEQEQ_true.instance, align 8
store %class.referential_equality_1* %var68, %class.referential_equality_1** %managed.unique.7.referential_equality_1_EQEQEQ_true.instance2, align 8
%var69 = load %class.referential_equality_1** %managed.unique.6.referential_equality_1_EQEQEQ_true.instance, align 8
%var70 = load %class.referential_equality_1** %managed.unique.7.referential_equality_1_EQEQEQ_true.instance2, align 8
%var71 = load %class.referential_equality_1** %managed.unique.6.referential_equality_1_EQEQEQ_true.instance, align 8
%var72 = load %class.referential_equality_1** %managed.unique.7.referential_equality_1_EQEQEQ_true.instance2, align 8
%var73 = icmp eq %class.referential_equality_1* %var71, %var72
%var74 = alloca i32, align 4
br i1 %var73, label %label.if_then.10, label %label.if_else.11
label.if_then.10:
store i32 1, i32* %var74, align 4
br label %label.if_end.12
label.if_else.11:
store i32 0, i32* %var74, align 4
br label %label.if_end.12
label.if_end.12:
%var75 = load i32* %var74, align 4
ret i32 %var75
unreachable
}
define weak i32 @referential_equality_1_EQEQ_true() #0
{
%var77 = call i8* @malloc_heap(i32 0)
%var76 = bitcast i8* %var77 to %class.referential_equality_1*
%var78 = alloca %class.referential_equality_1*, align 8
store %class.referential_equality_1* %var76, %class.referential_equality_1** %var78, align 8
call void @referential_equality_1(%class.referential_equality_1* %var76)
%managed.unique.8.referential_equality_1_EQEQ_true.instance = alloca %class.referential_equality_1*, align 8
%var79 = load %class.referential_equality_1** %managed.unique.8.referential_equality_1_EQEQ_true.instance, align 8
%var80 = load %class.referential_equality_1** %var78, align 8
store %class.referential_equality_1* %var80, %class.referential_equality_1** %managed.unique.8.referential_equality_1_EQEQ_true.instance, align 8
%var82 = call i8* @malloc_heap(i32 0)
%var81 = bitcast i8* %var82 to %class.referential_equality_1*
%var83 = alloca %class.referential_equality_1*, align 8
store %class.referential_equality_1* %var81, %class.referential_equality_1** %var83, align 8
call void @referential_equality_1(%class.referential_equality_1* %var81)
%managed.unique.9.referential_equality_1_EQEQ_true.instance2 = alloca %class.referential_equality_1*, align 8
%var84 = load %class.referential_equality_1** %managed.unique.9.referential_equality_1_EQEQ_true.instance2, align 8
%var85 = load %class.referential_equality_1** %var83, align 8
store %class.referential_equality_1* %var85, %class.referential_equality_1** %managed.unique.9.referential_equality_1_EQEQ_true.instance2, align 8
%var86 = load %class.referential_equality_1** %managed.unique.9.referential_equality_1_EQEQ_true.instance2, align 8
%var87 = load %class.referential_equality_1** %managed.unique.8.referential_equality_1_EQEQ_true.instance, align 8
store %class.referential_equality_1* %var87, %class.referential_equality_1** %managed.unique.9.referential_equality_1_EQEQ_true.instance2, align 8
%var88 = load %class.referential_equality_1** %managed.unique.8.referential_equality_1_EQEQ_true.instance, align 8
%var89 = load %class.referential_equality_1** %managed.unique.9.referential_equality_1_EQEQ_true.instance2, align 8
%var90 = load %class.referential_equality_1** %managed.unique.8.referential_equality_1_EQEQ_true.instance, align 8
%var91 = load %class.referential_equality_1** %managed.unique.9.referential_equality_1_EQEQ_true.instance2, align 8
%var92 = icmp eq %class.referential_equality_1* %var90, %var91
%var93 = alloca i32, align 4
br i1 %var92, label %label.if_then.13, label %label.if_else.14
label.if_then.13:
store i32 1, i32* %var93, align 4
br label %label.if_end.15
label.if_else.14:
store i32 0, i32* %var93, align 4
br label %label.if_end.15
label.if_end.15:
%var94 = load i32* %var93, align 4
ret i32 %var94
unreachable
}
define weak i32 @referential_equality_1_EXCLEQEQEQ_false() #0
{
%var96 = call i8* @malloc_heap(i32 0)
%var95 = bitcast i8* %var96 to %class.referential_equality_1*
%var97 = alloca %class.referential_equality_1*, align 8
store %class.referential_equality_1* %var95, %class.referential_equality_1** %var97, align 8
call void @referential_equality_1(%class.referential_equality_1* %var95)
%managed.unique.10.referential_equality_1_EXCLEQEQEQ_false.instance = alloca %class.referential_equality_1*, align 8
%var98 = load %class.referential_equality_1** %managed.unique.10.referential_equality_1_EXCLEQEQEQ_false.instance, align 8
%var99 = load %class.referential_equality_1** %var97, align 8
store %class.referential_equality_1* %var99, %class.referential_equality_1** %managed.unique.10.referential_equality_1_EXCLEQEQEQ_false.instance, align 8
%var101 = call i8* @malloc_heap(i32 0)
%var100 = bitcast i8* %var101 to %class.referential_equality_1*
%var102 = alloca %class.referential_equality_1*, align 8
store %class.referential_equality_1* %var100, %class.referential_equality_1** %var102, align 8
call void @referential_equality_1(%class.referential_equality_1* %var100)
%managed.unique.11.referential_equality_1_EXCLEQEQEQ_false.instance2 = alloca %class.referential_equality_1*, align 8
%var103 = load %class.referential_equality_1** %managed.unique.11.referential_equality_1_EXCLEQEQEQ_false.instance2, align 8
%var104 = load %class.referential_equality_1** %var102, align 8
store %class.referential_equality_1* %var104, %class.referential_equality_1** %managed.unique.11.referential_equality_1_EXCLEQEQEQ_false.instance2, align 8
%var105 = load %class.referential_equality_1** %managed.unique.11.referential_equality_1_EXCLEQEQEQ_false.instance2, align 8
%var106 = load %class.referential_equality_1** %managed.unique.10.referential_equality_1_EXCLEQEQEQ_false.instance, align 8
store %class.referential_equality_1* %var106, %class.referential_equality_1** %managed.unique.11.referential_equality_1_EXCLEQEQEQ_false.instance2, align 8
%var107 = load %class.referential_equality_1** %managed.unique.10.referential_equality_1_EXCLEQEQEQ_false.instance, align 8
%var108 = load %class.referential_equality_1** %managed.unique.11.referential_equality_1_EXCLEQEQEQ_false.instance2, align 8
%var109 = load %class.referential_equality_1** %managed.unique.10.referential_equality_1_EXCLEQEQEQ_false.instance, align 8
%var110 = load %class.referential_equality_1** %managed.unique.11.referential_equality_1_EXCLEQEQEQ_false.instance2, align 8
%var111 = icmp ne %class.referential_equality_1* %var109, %var110
%var112 = alloca i32, align 4
br i1 %var111, label %label.if_then.16, label %label.if_else.17
label.if_then.16:
store i32 1, i32* %var112, align 4
br label %label.if_end.18
label.if_else.17:
store i32 0, i32* %var112, align 4
br label %label.if_end.18
label.if_end.18:
%var113 = load i32* %var112, align 4
ret i32 %var113
unreachable
}
define weak i32 @referential_equality_1_EXCLEQEQEQ_true() #0
{
%var115 = call i8* @malloc_heap(i32 0)
%var114 = bitcast i8* %var115 to %class.referential_equality_1*
%var116 = alloca %class.referential_equality_1*, align 8
store %class.referential_equality_1* %var114, %class.referential_equality_1** %var116, align 8
call void @referential_equality_1(%class.referential_equality_1* %var114)
%managed.unique.12.referential_equality_1_EXCLEQEQEQ_true.instance = alloca %class.referential_equality_1*, align 8
%var117 = load %class.referential_equality_1** %managed.unique.12.referential_equality_1_EXCLEQEQEQ_true.instance, align 8
%var118 = load %class.referential_equality_1** %var116, align 8
store %class.referential_equality_1* %var118, %class.referential_equality_1** %managed.unique.12.referential_equality_1_EXCLEQEQEQ_true.instance, align 8
%var120 = call i8* @malloc_heap(i32 0)
%var119 = bitcast i8* %var120 to %class.referential_equality_1*
%var121 = alloca %class.referential_equality_1*, align 8
store %class.referential_equality_1* %var119, %class.referential_equality_1** %var121, align 8
call void @referential_equality_1(%class.referential_equality_1* %var119)
%managed.unique.13.referential_equality_1_EXCLEQEQEQ_true.instance2 = alloca %class.referential_equality_1*, align 8
%var122 = load %class.referential_equality_1** %managed.unique.13.referential_equality_1_EXCLEQEQEQ_true.instance2, align 8
%var123 = load %class.referential_equality_1** %var121, align 8
store %class.referential_equality_1* %var123, %class.referential_equality_1** %managed.unique.13.referential_equality_1_EXCLEQEQEQ_true.instance2, align 8
%var124 = load %class.referential_equality_1** %managed.unique.12.referential_equality_1_EXCLEQEQEQ_true.instance, align 8
%var125 = load %class.referential_equality_1** %managed.unique.13.referential_equality_1_EXCLEQEQEQ_true.instance2, align 8
%var126 = load %class.referential_equality_1** %managed.unique.12.referential_equality_1_EXCLEQEQEQ_true.instance, align 8
%var127 = load %class.referential_equality_1** %managed.unique.13.referential_equality_1_EXCLEQEQEQ_true.instance2, align 8
%var128 = icmp ne %class.referential_equality_1* %var126, %var127
%var129 = alloca i32, align 4
br i1 %var128, label %label.if_then.19, label %label.if_else.20
label.if_then.19:
store i32 1, i32* %var129, align 4
br label %label.if_end.21
label.if_else.20:
store i32 0, i32* %var129, align 4
br label %label.if_end.21
label.if_end.21:
%var130 = load i32* %var129, align 4
ret i32 %var130
unreachable
}
define weak i32 @referential_equality_1_EQEQ_false() #0
{
%var132 = call i8* @malloc_heap(i32 0)
%var131 = bitcast i8* %var132 to %class.referential_equality_1*
%var133 = alloca %class.referential_equality_1*, align 8
store %class.referential_equality_1* %var131, %class.referential_equality_1** %var133, align 8
call void @referential_equality_1(%class.referential_equality_1* %var131)
%managed.unique.14.referential_equality_1_EQEQ_false.instance = alloca %class.referential_equality_1*, align 8
%var134 = load %class.referential_equality_1** %managed.unique.14.referential_equality_1_EQEQ_false.instance, align 8
%var135 = load %class.referential_equality_1** %var133, align 8
store %class.referential_equality_1* %var135, %class.referential_equality_1** %managed.unique.14.referential_equality_1_EQEQ_false.instance, align 8
%var137 = call i8* @malloc_heap(i32 0)
%var136 = bitcast i8* %var137 to %class.referential_equality_1*
%var138 = alloca %class.referential_equality_1*, align 8
store %class.referential_equality_1* %var136, %class.referential_equality_1** %var138, align 8
call void @referential_equality_1(%class.referential_equality_1* %var136)
%managed.unique.15.referential_equality_1_EQEQ_false.instance2 = alloca %class.referential_equality_1*, align 8
%var139 = load %class.referential_equality_1** %managed.unique.15.referential_equality_1_EQEQ_false.instance2, align 8
%var140 = load %class.referential_equality_1** %var138, align 8
store %class.referential_equality_1* %var140, %class.referential_equality_1** %managed.unique.15.referential_equality_1_EQEQ_false.instance2, align 8
%var141 = load %class.referential_equality_1** %managed.unique.14.referential_equality_1_EQEQ_false.instance, align 8
%var142 = load %class.referential_equality_1** %managed.unique.15.referential_equality_1_EQEQ_false.instance2, align 8
%var143 = load %class.referential_equality_1** %managed.unique.14.referential_equality_1_EQEQ_false.instance, align 8
%var144 = load %class.referential_equality_1** %managed.unique.15.referential_equality_1_EQEQ_false.instance2, align 8
%var145 = icmp eq %class.referential_equality_1* %var143, %var144
%var146 = alloca i32, align 4
br i1 %var145, label %label.if_then.22, label %label.if_else.23
label.if_then.22:
store i32 1, i32* %var146, align 4
br label %label.if_end.24
label.if_else.23:
store i32 0, i32* %var146, align 4
br label %label.if_end.24
label.if_end.24:
%var147 = load i32* %var146, align 4
ret i32 %var147
unreachable
}

