@exceptions.str.1 = private unnamed_addr constant  [59 x i8] c"Exception in thread main kotlin.KotlinNullPointerException\00", align 1
declare void @llvm.memcpy.p0i8.p0i8.i64(i8* nocapture, i8* nocapture readonly, i64, i32, i1)
declare i8* @malloc_heap(i32)
declare i32 @printf(i8*, ...)
declare void @abort()
%class.Nothing = type { }
%class.nullable_class_fields_1_class = type { %class.nullable_class_fields_1_class*, i32* }
define weak void @nullable_class_fields_1_class(%class.nullable_class_fields_1_class*  %classvariable.this) #0
{
%classvariable.this.addr = alloca %class.nullable_class_fields_1_class, align 8
%var2 = getelementptr inbounds %class.nullable_class_fields_1_class* %classvariable.this.addr, i32 0, i32 0
%var3 = load %class.nullable_class_fields_1_class** %var2, align 8
store %class.nullable_class_fields_1_class* null, %class.nullable_class_fields_1_class** %var2, align 8
%var4 = getelementptr inbounds %class.nullable_class_fields_1_class* %classvariable.this.addr, i32 0, i32 1
%var5 = load i32** %var4, align 4
store i32* null, i32** %var4, align 8
%var6 = bitcast %class.nullable_class_fields_1_class* %classvariable.this to i8*
%var7 = bitcast %class.nullable_class_fields_1_class* %classvariable.this.addr to i8*
call void @llvm.memcpy.p0i8.p0i8.i64(i8* %var6, i8* %var7, i64 16, i32 4, i1 false)
ret void 
unreachable
}
define weak i32 @nullable_class_fields_1_classes_not_null() #0
{
%var9 = call i8* @malloc_heap(i32 16)
%var8 = bitcast i8* %var9 to %class.nullable_class_fields_1_class*
%var10 = alloca %class.nullable_class_fields_1_class*, align 8
store %class.nullable_class_fields_1_class* %var8, %class.nullable_class_fields_1_class** %var10, align 8
call void @nullable_class_fields_1_class(%class.nullable_class_fields_1_class* %var8)
%managed.unique.0.nullable_class_fields_1_classes_not_null.a = alloca %class.nullable_class_fields_1_class*, align 8
%var11 = load %class.nullable_class_fields_1_class** %managed.unique.0.nullable_class_fields_1_classes_not_null.a, align 8
%var12 = load %class.nullable_class_fields_1_class** %var10, align 8
store %class.nullable_class_fields_1_class* %var12, %class.nullable_class_fields_1_class** %managed.unique.0.nullable_class_fields_1_classes_not_null.a, align 8
%var13 = load %class.nullable_class_fields_1_class** %managed.unique.0.nullable_class_fields_1_classes_not_null.a, align 8
%var14 = getelementptr inbounds %class.nullable_class_fields_1_class* %var13, i32 0, i32 0
%var16 = call i8* @malloc_heap(i32 16)
%var15 = bitcast i8* %var16 to %class.nullable_class_fields_1_class*
%var17 = alloca %class.nullable_class_fields_1_class*, align 8
store %class.nullable_class_fields_1_class* %var15, %class.nullable_class_fields_1_class** %var17, align 8
call void @nullable_class_fields_1_class(%class.nullable_class_fields_1_class* %var15)
%var18 = load %class.nullable_class_fields_1_class** %var14, align 8
%var19 = load %class.nullable_class_fields_1_class** %var17, align 8
store %class.nullable_class_fields_1_class* %var19, %class.nullable_class_fields_1_class** %var14, align 8
%var20 = load %class.nullable_class_fields_1_class** %managed.unique.0.nullable_class_fields_1_classes_not_null.a, align 8
%var21 = getelementptr inbounds %class.nullable_class_fields_1_class* %var20, i32 0, i32 0
%var22 = load %class.nullable_class_fields_1_class** %var21, align 8
%var23 = load %class.nullable_class_fields_1_class** %var21, align 8
%var24 = icmp eq %class.nullable_class_fields_1_class* %var23, null
br i1 %var24, label %label.if.1, label %label.if.2
label.if.1:
ret i32 29
br label %label.if.3
label.if.2:
ret i32 28
br label %label.if.3
label.if.3:
unreachable
}
define weak i32 @nullable_class_fields_1_classes() #0
{
%var26 = call i8* @malloc_heap(i32 16)
%var25 = bitcast i8* %var26 to %class.nullable_class_fields_1_class*
%var27 = alloca %class.nullable_class_fields_1_class*, align 8
store %class.nullable_class_fields_1_class* %var25, %class.nullable_class_fields_1_class** %var27, align 8
call void @nullable_class_fields_1_class(%class.nullable_class_fields_1_class* %var25)
%managed.unique.1.nullable_class_fields_1_classes.a = alloca %class.nullable_class_fields_1_class*, align 8
%var28 = load %class.nullable_class_fields_1_class** %managed.unique.1.nullable_class_fields_1_classes.a, align 8
%var29 = load %class.nullable_class_fields_1_class** %var27, align 8
store %class.nullable_class_fields_1_class* %var29, %class.nullable_class_fields_1_class** %managed.unique.1.nullable_class_fields_1_classes.a, align 8
%var30 = load %class.nullable_class_fields_1_class** %managed.unique.1.nullable_class_fields_1_classes.a, align 8
%var31 = getelementptr inbounds %class.nullable_class_fields_1_class* %var30, i32 0, i32 0
%var32 = load %class.nullable_class_fields_1_class** %var31, align 8
%var33 = load %class.nullable_class_fields_1_class** %var31, align 8
%var34 = icmp eq %class.nullable_class_fields_1_class* %var33, null
br i1 %var34, label %label.if.4, label %label.if.5
label.if.4:
ret i32 29
br label %label.if.6
label.if.5:
ret i32 28
br label %label.if.6
label.if.6:
unreachable
}
define weak i32 @nullable_class_fields_1_primitives() #0
{
%var36 = call i8* @malloc_heap(i32 16)
%var35 = bitcast i8* %var36 to %class.nullable_class_fields_1_class*
%var37 = alloca %class.nullable_class_fields_1_class*, align 8
store %class.nullable_class_fields_1_class* %var35, %class.nullable_class_fields_1_class** %var37, align 8
call void @nullable_class_fields_1_class(%class.nullable_class_fields_1_class* %var35)
%managed.unique.2.nullable_class_fields_1_primitives.a = alloca %class.nullable_class_fields_1_class*, align 8
%var38 = load %class.nullable_class_fields_1_class** %managed.unique.2.nullable_class_fields_1_primitives.a, align 8
%var39 = load %class.nullable_class_fields_1_class** %var37, align 8
store %class.nullable_class_fields_1_class* %var39, %class.nullable_class_fields_1_class** %managed.unique.2.nullable_class_fields_1_primitives.a, align 8
%var40 = load %class.nullable_class_fields_1_class** %managed.unique.2.nullable_class_fields_1_primitives.a, align 8
%var41 = getelementptr inbounds %class.nullable_class_fields_1_class* %var40, i32 0, i32 1
%var42 = load i32** %var41, align 4
%var43 = icmp eq i32* %var42, null
br i1 %var43, label %label.if.7, label %label.if.8
label.if.7:
ret i32 29
br label %label.if.9
label.if.8:
ret i32 28
br label %label.if.9
label.if.9:
unreachable
}

