@exceptions.str.1 = private unnamed_addr constant  [59 x i8] c"Exception in thread main kotlin.KotlinNullPointerException\00", align 1
declare void @llvm.memcpy.p0i8.p0i8.i64(i8* nocapture, i8* nocapture readonly, i64, i32, i1)
declare i8* @malloc_heap(i32)
declare i32 @printf(i8*, ...)
declare void @abort()
%class.Nothing = type { }
%class.class_reassignment_1_class = type { i32 }
define weak void @class_reassignment_1_class_Int(%class.class_reassignment_1_class*  %classvariable.this, i32  %class_reassignment_1_class.field) #0
{
%classvariable.this.addr = alloca %class.class_reassignment_1_class, align 8
%class_reassignment_1_class.field.addr = alloca i32, align 4
store i32 %class_reassignment_1_class.field, i32* %class_reassignment_1_class.field.addr, align 4
%var2 = load i32* %class_reassignment_1_class.field.addr, align 4
%var3 = getelementptr inbounds %class.class_reassignment_1_class* %classvariable.this.addr, i32 0, i32 0
store i32 %var2, i32* %var3, align 4
%var4 = bitcast %class.class_reassignment_1_class* %classvariable.this to i8*
%var5 = bitcast %class.class_reassignment_1_class* %classvariable.this.addr to i8*
call void @llvm.memcpy.p0i8.p0i8.i64(i8* %var4, i8* %var5, i64 4, i32 4, i1 false)
ret void 
unreachable
}
define weak i32 @class_reassignment_1() #0
{
%var7 = call i8* @malloc_heap(i32 4)
%var6 = bitcast i8* %var7 to %class.class_reassignment_1_class*
%var8 = alloca %class.class_reassignment_1_class*, align 8
store %class.class_reassignment_1_class* %var6, %class.class_reassignment_1_class** %var8, align 8
call void @class_reassignment_1_class_Int(%class.class_reassignment_1_class* %var6, i32 123)
%managed.unique.0.class_reassignment_1.instance = alloca %class.class_reassignment_1_class*, align 8
%var9 = load %class.class_reassignment_1_class** %managed.unique.0.class_reassignment_1.instance, align 8
%var10 = load %class.class_reassignment_1_class** %var8, align 8
store %class.class_reassignment_1_class* %var10, %class.class_reassignment_1_class** %managed.unique.0.class_reassignment_1.instance, align 8
%var12 = call i8* @malloc_heap(i32 8)
%var11 = bitcast i8* %var12 to %class.class_reassignment_1_class**
call void @class_reassignment_1_base(%class.class_reassignment_1_class** %var11)
%var13 = load %class.class_reassignment_1_class** %managed.unique.0.class_reassignment_1.instance, align 8
%var14 = load %class.class_reassignment_1_class** %var11, align 8
store %class.class_reassignment_1_class* %var14, %class.class_reassignment_1_class** %managed.unique.0.class_reassignment_1.instance, align 8
%var15 = load %class.class_reassignment_1_class** %managed.unique.0.class_reassignment_1.instance, align 8
%var16 = getelementptr inbounds %class.class_reassignment_1_class* %var15, i32 0, i32 0
%var17 = load i32* %var16, align 4
ret i32 %var17
unreachable
}
define weak void @class_reassignment_1_base(%class.class_reassignment_1_class**  %instance) #0
{
%var19 = call i8* @malloc_heap(i32 4)
%var18 = bitcast i8* %var19 to %class.class_reassignment_1_class*
%var20 = alloca %class.class_reassignment_1_class*, align 8
store %class.class_reassignment_1_class* %var18, %class.class_reassignment_1_class** %var20, align 8
call void @class_reassignment_1_class_Int(%class.class_reassignment_1_class* %var18, i32 567)
%managed.unique.1.class_reassignment_1_base.instance = alloca %class.class_reassignment_1_class*, align 8
%var21 = load %class.class_reassignment_1_class** %managed.unique.1.class_reassignment_1_base.instance, align 8
%var22 = load %class.class_reassignment_1_class** %var20, align 8
store %class.class_reassignment_1_class* %var22, %class.class_reassignment_1_class** %managed.unique.1.class_reassignment_1_base.instance, align 8
%var23 = load %class.class_reassignment_1_class** %managed.unique.1.class_reassignment_1_base.instance, align 8
store %class.class_reassignment_1_class* %var23, %class.class_reassignment_1_class** %instance, align 8
ret void 
unreachable
}

