@exceptions.str.1 = private unnamed_addr constant  [59 x i8] c"Exception in thread main kotlin.KotlinNullPointerException\00", align 1
declare void @llvm.memcpy.p0i8.p0i8.i64(i8* nocapture, i8* nocapture readonly, i64, i32, i1)
declare i8* @malloc_heap(i32)
declare i32 @printf(i8*, ...)
declare void @abort()
%class.Nothing = type { }
define weak i32 @postfix_1_minus_before_Int(i32  %postfix_1_minus_before.x) #0
{
%postfix_1_minus_before.x.addr = alloca i32, align 4
store i32 %postfix_1_minus_before.x, i32* %postfix_1_minus_before.x.addr, align 4
%managed.unique.0.postfix_1_minus_before.xx = alloca i32, align 4
%var2 = load i32* %managed.unique.0.postfix_1_minus_before.xx, align 4
%var3 = load i32* %postfix_1_minus_before.x.addr, align 4
store i32 %var3, i32* %managed.unique.0.postfix_1_minus_before.xx, align 4
%var4 = load i32* %managed.unique.0.postfix_1_minus_before.xx, align 4
%var5 = alloca i32, align 4
%var6 = load i32* %managed.unique.0.postfix_1_minus_before.xx, align 4
store i32 %var6, i32* %var5, align 4
%var7 = sub nsw i32 %var4, 1
store i32 %var7, i32* %managed.unique.0.postfix_1_minus_before.xx, align 4
%managed.unique.1.postfix_1_minus_before.z = alloca i32, align 4
%var8 = load i32* %managed.unique.1.postfix_1_minus_before.z, align 4
%var9 = load i32* %var5, align 4
store i32 %var9, i32* %managed.unique.1.postfix_1_minus_before.z, align 4
%var10 = load i32* %managed.unique.1.postfix_1_minus_before.z, align 4
ret i32 %var10
unreachable
}
define weak i32 @postfix_1_minus_inside_Int(i32  %postfix_1_minus_inside.x) #0
{
%postfix_1_minus_inside.x.addr = alloca i32, align 4
store i32 %postfix_1_minus_inside.x, i32* %postfix_1_minus_inside.x.addr, align 4
%managed.unique.2.postfix_1_minus_inside.xx = alloca i32, align 4
%var11 = load i32* %managed.unique.2.postfix_1_minus_inside.xx, align 4
%var12 = load i32* %postfix_1_minus_inside.x.addr, align 4
store i32 %var12, i32* %managed.unique.2.postfix_1_minus_inside.xx, align 4
%var13 = load i32* %managed.unique.2.postfix_1_minus_inside.xx, align 4
%var14 = alloca i32, align 4
%var15 = load i32* %managed.unique.2.postfix_1_minus_inside.xx, align 4
store i32 %var15, i32* %var14, align 4
%var16 = sub nsw i32 %var13, 1
store i32 %var16, i32* %managed.unique.2.postfix_1_minus_inside.xx, align 4
%var17 = load i32* %managed.unique.2.postfix_1_minus_inside.xx, align 4
ret i32 %var17
unreachable
}
define weak i32 @postfix_1_plus_inside_Int(i32  %postfix_1_plus_inside.x) #0
{
%postfix_1_plus_inside.x.addr = alloca i32, align 4
store i32 %postfix_1_plus_inside.x, i32* %postfix_1_plus_inside.x.addr, align 4
%managed.unique.3.postfix_1_plus_inside.xx = alloca i32, align 4
%var18 = load i32* %managed.unique.3.postfix_1_plus_inside.xx, align 4
%var19 = load i32* %postfix_1_plus_inside.x.addr, align 4
store i32 %var19, i32* %managed.unique.3.postfix_1_plus_inside.xx, align 4
%var20 = load i32* %managed.unique.3.postfix_1_plus_inside.xx, align 4
%var21 = alloca i32, align 4
%var22 = load i32* %managed.unique.3.postfix_1_plus_inside.xx, align 4
store i32 %var22, i32* %var21, align 4
%var23 = add nsw i32 %var20, 1
store i32 %var23, i32* %managed.unique.3.postfix_1_plus_inside.xx, align 4
%var24 = load i32* %managed.unique.3.postfix_1_plus_inside.xx, align 4
ret i32 %var24
unreachable
}
define weak i32 @postfix_1_plus_after_Int(i32  %postfix_1_plus_after.x) #0
{
%postfix_1_plus_after.x.addr = alloca i32, align 4
store i32 %postfix_1_plus_after.x, i32* %postfix_1_plus_after.x.addr, align 4
%managed.unique.4.postfix_1_plus_after.xx = alloca i32, align 4
%var25 = load i32* %managed.unique.4.postfix_1_plus_after.xx, align 4
%var26 = load i32* %postfix_1_plus_after.x.addr, align 4
store i32 %var26, i32* %managed.unique.4.postfix_1_plus_after.xx, align 4
%var27 = load i32* %managed.unique.4.postfix_1_plus_after.xx, align 4
%var28 = alloca i32, align 4
%var29 = load i32* %managed.unique.4.postfix_1_plus_after.xx, align 4
store i32 %var29, i32* %var28, align 4
%var30 = add nsw i32 %var27, 1
store i32 %var30, i32* %managed.unique.4.postfix_1_plus_after.xx, align 4
%managed.unique.5.postfix_1_plus_after.z = alloca i32, align 4
%var31 = load i32* %managed.unique.5.postfix_1_plus_after.z, align 4
%var32 = load i32* %var28, align 4
store i32 %var32, i32* %managed.unique.5.postfix_1_plus_after.z, align 4
%var33 = load i32* %managed.unique.4.postfix_1_plus_after.xx, align 4
ret i32 %var33
unreachable
}
define weak i32 @postfix_1_plus_before_Int(i32  %postfix_1_plus_before.x) #0
{
%postfix_1_plus_before.x.addr = alloca i32, align 4
store i32 %postfix_1_plus_before.x, i32* %postfix_1_plus_before.x.addr, align 4
%managed.unique.6.postfix_1_plus_before.xx = alloca i32, align 4
%var34 = load i32* %managed.unique.6.postfix_1_plus_before.xx, align 4
%var35 = load i32* %postfix_1_plus_before.x.addr, align 4
store i32 %var35, i32* %managed.unique.6.postfix_1_plus_before.xx, align 4
%var36 = load i32* %managed.unique.6.postfix_1_plus_before.xx, align 4
%var37 = alloca i32, align 4
%var38 = load i32* %managed.unique.6.postfix_1_plus_before.xx, align 4
store i32 %var38, i32* %var37, align 4
%var39 = add nsw i32 %var36, 1
store i32 %var39, i32* %managed.unique.6.postfix_1_plus_before.xx, align 4
%managed.unique.7.postfix_1_plus_before.z = alloca i32, align 4
%var40 = load i32* %managed.unique.7.postfix_1_plus_before.z, align 4
%var41 = load i32* %var37, align 4
store i32 %var41, i32* %managed.unique.7.postfix_1_plus_before.z, align 4
%var42 = load i32* %managed.unique.7.postfix_1_plus_before.z, align 4
ret i32 %var42
unreachable
}
define weak i32 @postfix_1_minus_after_Int(i32  %postfix_1_minus_after.x) #0
{
%postfix_1_minus_after.x.addr = alloca i32, align 4
store i32 %postfix_1_minus_after.x, i32* %postfix_1_minus_after.x.addr, align 4
%managed.unique.8.postfix_1_minus_after.xx = alloca i32, align 4
%var43 = load i32* %managed.unique.8.postfix_1_minus_after.xx, align 4
%var44 = load i32* %postfix_1_minus_after.x.addr, align 4
store i32 %var44, i32* %managed.unique.8.postfix_1_minus_after.xx, align 4
%var45 = load i32* %managed.unique.8.postfix_1_minus_after.xx, align 4
%var46 = alloca i32, align 4
%var47 = load i32* %managed.unique.8.postfix_1_minus_after.xx, align 4
store i32 %var47, i32* %var46, align 4
%var48 = sub nsw i32 %var45, 1
store i32 %var48, i32* %managed.unique.8.postfix_1_minus_after.xx, align 4
%managed.unique.9.postfix_1_minus_after.z = alloca i32, align 4
%var49 = load i32* %managed.unique.9.postfix_1_minus_after.z, align 4
%var50 = load i32* %var46, align 4
store i32 %var50, i32* %managed.unique.9.postfix_1_minus_after.z, align 4
%var51 = load i32* %managed.unique.8.postfix_1_minus_after.xx, align 4
ret i32 %var51
unreachable
}

