@exceptions.str.1 = private unnamed_addr constant  [59 x i8] c"Exception in thread main kotlin.KotlinNullPointerException\00", align 1
declare void @llvm.memcpy.p0i8.p0i8.i64(i8* nocapture, i8* nocapture readonly, i64, i32, i1)
declare i8* @malloc_heap(i32)
declare i32 @printf(i8*, ...)
declare void @abort()
%class.Nothing = type { }
%class.elvis_1_MyClass = type { i32 }
define weak void @elvis_1_MyClass_Int(%class.elvis_1_MyClass*  %classvariable.this, i32  %elvis_1_MyClass.i) #0
{
%classvariable.this.addr = alloca %class.elvis_1_MyClass, align 8
%elvis_1_MyClass.i.addr = alloca i32, align 4
store i32 %elvis_1_MyClass.i, i32* %elvis_1_MyClass.i.addr, align 4
%var2 = load i32* %elvis_1_MyClass.i.addr, align 4
%var3 = getelementptr inbounds %class.elvis_1_MyClass* %classvariable.this.addr, i32 0, i32 0
store i32 %var2, i32* %var3, align 4
%var4 = bitcast %class.elvis_1_MyClass* %classvariable.this to i8*
%var5 = bitcast %class.elvis_1_MyClass* %classvariable.this.addr to i8*
call void @llvm.memcpy.p0i8.p0i8.i64(i8* %var4, i8* %var5, i64 4, i32 4, i1 false)
ret void 
unreachable
}
define weak i32 @elvis_test_2() #0
{
%managed.unique.0.elvis_test_2.i = alloca %class.elvis_1_MyClass*, align 8
%var6 = load %class.elvis_1_MyClass** %managed.unique.0.elvis_test_2.i, align 8
store %class.elvis_1_MyClass* null, %class.elvis_1_MyClass** %managed.unique.0.elvis_test_2.i, align 8
%var7 = load %class.elvis_1_MyClass** %managed.unique.0.elvis_test_2.i, align 8
%var8 = icmp eq %class.elvis_1_MyClass* %var7, null
br i1 %var8, label %label.elvis.1, label %label.elvis.2
label.elvis.1:
ret i32 1
br label %label.elvis.2
label.elvis.2:
ret i32 0
unreachable
}
define weak i32 @elvis_test_1_Int(i32  %elvis_test_1.x) #0
{
%elvis_test_1.x.addr = alloca i32, align 4
store i32 %elvis_test_1.x, i32* %elvis_test_1.x.addr, align 4
%managed.unique.1.elvis_test_1.z = alloca %class.elvis_1_MyClass*, align 8
%var9 = load %class.elvis_1_MyClass** %managed.unique.1.elvis_test_1.z, align 8
store %class.elvis_1_MyClass* null, %class.elvis_1_MyClass** %managed.unique.1.elvis_test_1.z, align 8
%var10 = load i32* %elvis_test_1.x.addr, align 4
%var11 = icmp sgt i32 %var10, 1
br i1 %var11, label %label.if.3, label %label.if.4
label.if.3:
%var13 = call i8* @malloc_heap(i32 4)
%var12 = bitcast i8* %var13 to %class.elvis_1_MyClass*
%var14 = alloca %class.elvis_1_MyClass*, align 8
store %class.elvis_1_MyClass* %var12, %class.elvis_1_MyClass** %var14, align 8
call void @elvis_1_MyClass_Int(%class.elvis_1_MyClass* %var12, i32 1)
%var15 = load %class.elvis_1_MyClass** %managed.unique.1.elvis_test_1.z, align 8
%var16 = load %class.elvis_1_MyClass** %var14, align 8
store %class.elvis_1_MyClass* %var16, %class.elvis_1_MyClass** %managed.unique.1.elvis_test_1.z, align 8
br label %label.if.5
label.if.4:
br label %label.if.5
label.if.5:
%var17 = load %class.elvis_1_MyClass** %managed.unique.1.elvis_test_1.z, align 8
%var18 = icmp eq %class.elvis_1_MyClass* %var17, null
br i1 %var18, label %label.elvis.6, label %label.elvis.7
label.elvis.6:
ret i32 0
br label %label.elvis.7
label.elvis.7:
ret i32 1
unreachable
}

