@exceptions.str.1 = private unnamed_addr constant  [59 x i8] c"Exception in thread main kotlin.KotlinNullPointerException\00", align 1
declare void @llvm.memcpy.p0i8.p0i8.i64(i8* nocapture, i8* nocapture readonly, i64, i32, i1)
declare i8* @malloc_heap(i32)
declare i32 @printf(i8*, ...)
declare void @abort()
%class.Nothing = type { }
%class.companion_object_2 = type {  }
%class.companion_object_2.Companion = type { i32 }
@object.instance.companion_object_2.Companion = internal global %class.companion_object_2.Companion { i32 5790 }, align 8
define weak void @companion_object_2(%class.companion_object_2*  %classvariable.this) #0
{
%classvariable.this.addr = alloca %class.companion_object_2, align 8
%var2 = bitcast %class.companion_object_2* %classvariable.this to i8*
%var3 = bitcast %class.companion_object_2* %classvariable.this.addr to i8*
call void @llvm.memcpy.p0i8.p0i8.i64(i8* %var2, i8* %var3, i64 0, i32 4, i1 false)
ret void 
unreachable
}
define weak void @companion_object_2.Companion(%class.companion_object_2.Companion*  %classvariable.this) #0
{
%classvariable.this.addr = alloca %class.companion_object_2.Companion, align 8
%var4 = getelementptr inbounds %class.companion_object_2.Companion* %classvariable.this.addr, i32 0, i32 0
%var5 = load i32* %var4, align 4
store i32 5790, i32* %var4, align 4
%var6 = bitcast %class.companion_object_2.Companion* %classvariable.this to i8*
%var7 = bitcast %class.companion_object_2.Companion* %classvariable.this.addr to i8*
call void @llvm.memcpy.p0i8.p0i8.i64(i8* %var6, i8* %var7, i64 4, i32 4, i1 false)
ret void 
unreachable
}
define weak i32 @companion_object_2.Companion.create(%class.companion_object_2.Companion*  %classvariable.this) #0
{
ret i32 5
unreachable
}
define weak i32 @companion_object_2_test_Int(i32  %companion_object_2_test.v) #0
{
%companion_object_2_test.v.addr = alloca i32, align 4
store i32 %companion_object_2_test.v, i32* %companion_object_2_test.v.addr, align 4
%var8 = getelementptr inbounds %class.companion_object_2.Companion* @object.instance.companion_object_2.Companion, i32 0, i32 0
%var9 = load i32* %companion_object_2_test.v.addr, align 4
%var10 = add nsw i32 239, %var9
%var11 = load i32* %var8, align 4
store i32 %var10, i32* %var8, align 4
%var12 = getelementptr inbounds %class.companion_object_2.Companion* @object.instance.companion_object_2.Companion, i32 0, i32 0
%var13 = load i32* %var12, align 4
ret i32 %var13
unreachable
}

