@exceptions.str.1 = private unnamed_addr constant  [59 x i8] c"Exception in thread main kotlin.KotlinNullPointerException\00", align 1
declare void @llvm.memcpy.p0i8.p0i8.i64(i8* nocapture, i8* nocapture readonly, i64, i32, i1)
declare i8* @malloc_heap(i32)
declare i32 @printf(i8*, ...)
declare void @abort()
%class.Nothing = type { }
define weak i32 @nullable_primitive_types_1_extern_Int(i32  %nullable_primitive_types_1_extern.x) #0
{
%nullable_primitive_types_1_extern.x.addr = alloca i32, align 4
store i32 %nullable_primitive_types_1_extern.x, i32* %nullable_primitive_types_1_extern.x.addr, align 4
%managed.unique.0.nullable_primitive_types_1_extern.variable = alloca i32*, align 4
%var2 = load i32** %managed.unique.0.nullable_primitive_types_1_extern.variable, align 4
%var3 = load i32* %nullable_primitive_types_1_extern.x.addr, align 4
store i32* %nullable_primitive_types_1_extern.x.addr, i32** %managed.unique.0.nullable_primitive_types_1_extern.variable, align 4
%var5 = load i32** %managed.unique.0.nullable_primitive_types_1_extern.variable, align 4
%var4 = icmp eq i32* null, %var5
br i1 %var4, label %label.nullCheck.1, label %label.nullCheck.2
label.nullCheck.1:
%var6 = call i32 (i8*, ...)* @printf(i8* getelementptr inbounds ([59 x i8]* @exceptions.str.1, i32 0, i32 0))
call void @abort()
br label %label.nullCheck.2
label.nullCheck.2:
%var7 = load i32** %managed.unique.0.nullable_primitive_types_1_extern.variable, align 4
%var8 = load i32* %var7, align 4
%var9 = add nsw i32 %var8, 8
%managed.unique.1.nullable_primitive_types_1_extern.art = alloca i32*, align 4
%var10 = load i32** %managed.unique.1.nullable_primitive_types_1_extern.art, align 4
%var12 = call i8* @malloc_heap(i32 8)
%var11 = bitcast i8* %var12 to i32*
store i32 %var9, i32* %var11, align 4
store i32* %var11, i32** %managed.unique.1.nullable_primitive_types_1_extern.art, align 4
%var14 = load i32** %managed.unique.1.nullable_primitive_types_1_extern.art, align 4
%var13 = icmp eq i32* null, %var14
br i1 %var13, label %label.nullCheck.3, label %label.nullCheck.4
label.nullCheck.3:
%var15 = call i32 (i8*, ...)* @printf(i8* getelementptr inbounds ([59 x i8]* @exceptions.str.1, i32 0, i32 0))
call void @abort()
br label %label.nullCheck.4
label.nullCheck.4:
%var16 = load i32** %managed.unique.1.nullable_primitive_types_1_extern.art, align 4
%var17 = load i32* %var16, align 4
ret i32 %var17
unreachable
}
define weak i32 @nullable_primitive_types_1_if_not_null() #0
{
%managed.unique.2.nullable_primitive_types_1_if_not_null.variable = alloca i32*, align 4
%var18 = load i32** %managed.unique.2.nullable_primitive_types_1_if_not_null.variable, align 4
store i32* null, i32** %managed.unique.2.nullable_primitive_types_1_if_not_null.variable, align 8
%var19 = load i32** %managed.unique.2.nullable_primitive_types_1_if_not_null.variable, align 4
%var20 = icmp ne i32* %var19, null
br i1 %var20, label %label.if.5, label %label.if.6
label.if.5:
ret i32 11
br label %label.if.7
label.if.6:
ret i32 2245
br label %label.if.7
label.if.7:
unreachable
}
define weak i32 @nullable_primitive_types_1_small() #0
{
%managed.unique.3.nullable_primitive_types_1_small.variable = alloca i32*, align 4
%var21 = load i32** %managed.unique.3.nullable_primitive_types_1_small.variable, align 4
store i32* null, i32** %managed.unique.3.nullable_primitive_types_1_small.variable, align 8
%var22 = load i32** %managed.unique.3.nullable_primitive_types_1_small.variable, align 4
%var24 = call i8* @malloc_heap(i32 8)
%var23 = bitcast i8* %var24 to i32*
store i32 29, i32* %var23, align 4
store i32* %var23, i32** %managed.unique.3.nullable_primitive_types_1_small.variable, align 4
%managed.unique.4.nullable_primitive_types_1_small.art = alloca i32*, align 4
%var25 = load i32** %managed.unique.4.nullable_primitive_types_1_small.art, align 4
%var26 = load i32** %managed.unique.3.nullable_primitive_types_1_small.variable, align 4
store i32* %var26, i32** %managed.unique.4.nullable_primitive_types_1_small.art, align 4
%var28 = load i32** %managed.unique.4.nullable_primitive_types_1_small.art, align 4
%var27 = icmp eq i32* null, %var28
br i1 %var27, label %label.nullCheck.8, label %label.nullCheck.9
label.nullCheck.8:
%var29 = call i32 (i8*, ...)* @printf(i8* getelementptr inbounds ([59 x i8]* @exceptions.str.1, i32 0, i32 0))
call void @abort()
br label %label.nullCheck.9
label.nullCheck.9:
%var30 = load i32** %managed.unique.4.nullable_primitive_types_1_small.art, align 4
%var31 = load i32* %var30, align 4
ret i32 %var31
unreachable
}
define weak i32 @nullable_primitive_types_1_if_null() #0
{
%managed.unique.5.nullable_primitive_types_1_if_null.variable = alloca i32*, align 4
%var32 = load i32** %managed.unique.5.nullable_primitive_types_1_if_null.variable, align 4
store i32* null, i32** %managed.unique.5.nullable_primitive_types_1_if_null.variable, align 8
%var33 = load i32** %managed.unique.5.nullable_primitive_types_1_if_null.variable, align 4
%var34 = icmp eq i32* %var33, null
br i1 %var34, label %label.if.10, label %label.if.11
label.if.10:
ret i32 11
br label %label.if.12
label.if.11:
ret i32 2245
br label %label.if.12
label.if.12:
unreachable
}
define weak i32 @nullable_primitive_types_1_reassignment() #0
{
%managed.unique.6.nullable_primitive_types_1_reassignment.z = alloca i32*, align 4
%var35 = load i32** %managed.unique.6.nullable_primitive_types_1_reassignment.z, align 4
%var37 = call i8* @malloc_heap(i32 8)
%var36 = bitcast i8* %var37 to i32*
store i32 32, i32* %var36, align 4
store i32* %var36, i32** %managed.unique.6.nullable_primitive_types_1_reassignment.z, align 4
%var38 = load i32** %managed.unique.6.nullable_primitive_types_1_reassignment.z, align 4
store i32* null, i32** %managed.unique.6.nullable_primitive_types_1_reassignment.z, align 8
%managed.unique.7.nullable_primitive_types_1_reassignment.r = alloca i32*, align 4
%var39 = load i32** %managed.unique.7.nullable_primitive_types_1_reassignment.r, align 4
%var40 = load i32** %managed.unique.6.nullable_primitive_types_1_reassignment.z, align 4
store i32* %var40, i32** %managed.unique.7.nullable_primitive_types_1_reassignment.r, align 4
%var41 = load i32** %managed.unique.7.nullable_primitive_types_1_reassignment.r, align 4
%var42 = icmp eq i32* %var41, null
br i1 %var42, label %label.if.13, label %label.if.14
label.if.13:
ret i32 5678
br label %label.if.15
label.if.14:
ret i32 13
br label %label.if.15
label.if.15:
unreachable
}

