@exceptions.str.1 = private unnamed_addr constant  [59 x i8] c"Exception in thread main kotlin.KotlinNullPointerException\00", align 1
declare void @llvm.memcpy.p0i8.p0i8.i64(i8* nocapture, i8* nocapture readonly, i64, i32, i1)
declare i8* @malloc_heap(i32)
declare i32 @printf(i8*, ...)
declare void @abort()
%class.Nothing = type { }
define weak i32 @smartcast_1_CastCheck_Int(i32  %smartcast_1_CastCheck.x) #0
{
%smartcast_1_CastCheck.x.addr = alloca i32, align 4
store i32 %smartcast_1_CastCheck.x, i32* %smartcast_1_CastCheck.x.addr, align 4
%var2 = load i32* %smartcast_1_CastCheck.x.addr, align 4
%var3 = add nsw i32 %var2, 1
ret i32 %var3
unreachable
}
define weak i32 @smartcast_1() #0
{
%managed.unique.0.smartcast_1.x = alloca i32*, align 4
%var4 = load i32** %managed.unique.0.smartcast_1.x, align 4
store i32* null, i32** %managed.unique.0.smartcast_1.x, align 8
%var5 = load i32** %managed.unique.0.smartcast_1.x, align 4
%var7 = call i8* @malloc_heap(i32 8)
%var6 = bitcast i8* %var7 to i32*
store i32 3, i32* %var6, align 4
store i32* %var6, i32** %managed.unique.0.smartcast_1.x, align 4
%managed.unique.1.smartcast_1.y = alloca i32*, align 4
%var8 = load i32** %managed.unique.1.smartcast_1.y, align 4
%var9 = load i32** %managed.unique.0.smartcast_1.x, align 4
store i32* %var9, i32** %managed.unique.1.smartcast_1.y, align 4
%var10 = load i32** %managed.unique.1.smartcast_1.y, align 4
%var11 = load i32* %var10, align 4
%var12 = call i32 @smartcast_1_CastCheck_Int(i32 %var11)
%var13 = alloca i32, align 4
store i32 %var12, i32* %var13, align 4
%managed.unique.2.smartcast_1.uio = alloca i32, align 4
%var14 = load i32* %managed.unique.2.smartcast_1.uio, align 4
%var15 = load i32* %var13, align 4
store i32 %var15, i32* %managed.unique.2.smartcast_1.uio, align 4
%var16 = load i32* %managed.unique.2.smartcast_1.uio, align 4
ret i32 %var16
unreachable
}

