@exceptions.str.1 = private unnamed_addr constant  [59 x i8] c"Exception in thread main kotlin.KotlinNullPointerException\00", align 1
declare void @llvm.memcpy.p0i8.p0i8.i64(i8* nocapture, i8* nocapture readonly, i64, i32, i1)
declare i8* @malloc_heap(i32)
declare i32 @printf(i8*, ...)
declare void @abort()
%class.Nothing = type { }
%class.referential_equality_2_A = type {  }
define weak void @referential_equality_2_A(%class.referential_equality_2_A*  %classvariable.this) #0
{
%classvariable.this.addr = alloca %class.referential_equality_2_A, align 8
%var2 = bitcast %class.referential_equality_2_A* %classvariable.this to i8*
%var3 = bitcast %class.referential_equality_2_A* %classvariable.this.addr to i8*
call void @llvm.memcpy.p0i8.p0i8.i64(i8* %var2, i8* %var3, i64 0, i32 4, i1 false)
ret void 
unreachable
}
define weak i32 @referential_equality_2_NEQ_master() #0
{
%var5 = call i8* @malloc_heap(i32 8)
%var4 = bitcast i8* %var5 to %class.referential_equality_2_A**
call void @referential_equality_2_build(%class.referential_equality_2_A** %var4)
%var7 = call i8* @malloc_heap(i32 8)
%var6 = bitcast i8* %var7 to %class.referential_equality_2_A**
call void @referential_equality_2_build(%class.referential_equality_2_A** %var6)
%var8 = load %class.referential_equality_2_A** %var6, align 8
%var9 = call i32 @referential_equality_2_NEQ_slave_Ref_referential_equality_2_A(%class.referential_equality_2_A* %var8)
%var10 = alloca i32, align 4
store i32 %var9, i32* %var10, align 4
%var11 = load i32* %var10, align 4
ret i32 %var11
unreachable
}
define weak i32 @referential_equality_2_EQ_master() #0
{
%var13 = call i8* @malloc_heap(i32 8)
%var12 = bitcast i8* %var13 to %class.referential_equality_2_A**
call void @referential_equality_2_build(%class.referential_equality_2_A** %var12)
%var15 = call i8* @malloc_heap(i32 8)
%var14 = bitcast i8* %var15 to %class.referential_equality_2_A**
call void @referential_equality_2_build(%class.referential_equality_2_A** %var14)
%var16 = load %class.referential_equality_2_A** %var14, align 8
%var17 = call i32 @referential_equality_2_EQ_slave_Ref_referential_equality_2_A(%class.referential_equality_2_A* %var16)
%var18 = alloca i32, align 4
store i32 %var17, i32* %var18, align 4
%var19 = load i32* %var18, align 4
ret i32 %var19
unreachable
}
define weak i32 @referential_equality_2_NEQ_slave_Ref_referential_equality_2_A(%class.referential_equality_2_A*  %referential_equality_2_NEQ_slave.second_msg) #0
{
%var21 = call i8* @malloc_heap(i32 8)
%var20 = bitcast i8* %var21 to %class.referential_equality_2_A**
call void @referential_equality_2_build(%class.referential_equality_2_A** %var20)
%var22 = load %class.referential_equality_2_A* %referential_equality_2_NEQ_slave.second_msg, align 8
%var23 = load %class.referential_equality_2_A** %var20, align 8
%var24 = load %class.referential_equality_2_A** %var20, align 8
%var25 = icmp ne %class.referential_equality_2_A* %referential_equality_2_NEQ_slave.second_msg, %var24
br i1 %var25, label %label.if.1, label %label.if.3
label.if.1:
ret i32 1
br label %label.if.3
label.if.3:
ret i32 0
unreachable
}
define weak i32 @referential_equality_2_EQ_slave_Ref_referential_equality_2_A(%class.referential_equality_2_A*  %referential_equality_2_EQ_slave.second_msg) #0
{
%var27 = call i8* @malloc_heap(i32 8)
%var26 = bitcast i8* %var27 to %class.referential_equality_2_A**
call void @referential_equality_2_build(%class.referential_equality_2_A** %var26)
%var28 = load %class.referential_equality_2_A* %referential_equality_2_EQ_slave.second_msg, align 8
%var29 = load %class.referential_equality_2_A** %var26, align 8
%var30 = load %class.referential_equality_2_A** %var26, align 8
%var31 = icmp eq %class.referential_equality_2_A* %referential_equality_2_EQ_slave.second_msg, %var30
br i1 %var31, label %label.if.4, label %label.if.6
label.if.4:
ret i32 0
br label %label.if.6
label.if.6:
ret i32 1
unreachable
}
define weak void @referential_equality_2_build(%class.referential_equality_2_A**  %instance) #0
{
%var33 = call i8* @malloc_heap(i32 0)
%var32 = bitcast i8* %var33 to %class.referential_equality_2_A*
%var34 = alloca %class.referential_equality_2_A*, align 8
store %class.referential_equality_2_A* %var32, %class.referential_equality_2_A** %var34, align 8
call void @referential_equality_2_A(%class.referential_equality_2_A* %var32)
%var35 = load %class.referential_equality_2_A** %var34, align 8
store %class.referential_equality_2_A* %var35, %class.referential_equality_2_A** %instance, align 8
ret void 
unreachable
}

