@exceptions.str.1 = private unnamed_addr constant  [59 x i8] c"Exception in thread main kotlin.KotlinNullPointerException\00", align 1
declare void @llvm.memcpy.p0i8.p0i8.i64(i8* nocapture, i8* nocapture readonly, i64, i32, i1)
declare i8* @malloc_heap(i32)
declare i32 @printf(i8*, ...)
declare void @abort()
%class.Nothing = type { }
define weak i1 @unary_operator_1_not_Boolean(i1  %unary_operator_1_not.x) #0
{
%unary_operator_1_not.x.addr = alloca i1, align 4
store i1 %unary_operator_1_not.x, i1* %unary_operator_1_not.x.addr, align 4
%var2 = load i1* %unary_operator_1_not.x.addr, align 4
%var3 = xor i1 1, %var2
ret i1 %var3
unreachable
}
define weak i32 @unary_operator_1_minus_Int(i32  %unary_operator_1_minus.x) #0
{
%unary_operator_1_minus.x.addr = alloca i32, align 4
store i32 %unary_operator_1_minus.x, i32* %unary_operator_1_minus.x.addr, align 4
%var4 = load i32* %unary_operator_1_minus.x.addr, align 4
%var5 = sub nsw i32 0, %var4
ret i32 %var5
unreachable
}
define weak i32 @unary_operator_1_plus_Int(i32  %unary_operator_1_plus.x) #0
{
%unary_operator_1_plus.x.addr = alloca i32, align 4
store i32 %unary_operator_1_plus.x, i32* %unary_operator_1_plus.x.addr, align 4
%var6 = load i32* %unary_operator_1_plus.x.addr, align 4
ret i32 %var6
unreachable
}

