@exceptions.str.1 = private unnamed_addr constant  [59 x i8] c"Exception in thread main kotlin.KotlinNullPointerException\00", align 1
declare void @llvm.memcpy.p0i8.p0i8.i64(i8* nocapture, i8* nocapture readonly, i64, i32, i1)
declare i8* @malloc_heap(i32)
declare i32 @printf(i8*, ...)
declare void @abort()
%class.Nothing = type { }
%class.save_access_operator_Gen = type { i32 }
%class.save_access_operator_MyClass = type { %class.save_access_operator_Gen* }
define weak void @save_access_operator_Gen_Int(%class.save_access_operator_Gen*  %classvariable.this, i32  %save_access_operator_Gen.i) #0
{
%classvariable.this.addr = alloca %class.save_access_operator_Gen, align 8
%save_access_operator_Gen.i.addr = alloca i32, align 4
store i32 %save_access_operator_Gen.i, i32* %save_access_operator_Gen.i.addr, align 4
%var2 = load i32* %save_access_operator_Gen.i.addr, align 4
%var3 = getelementptr inbounds %class.save_access_operator_Gen* %classvariable.this.addr, i32 0, i32 0
store i32 %var2, i32* %var3, align 4
%var4 = bitcast %class.save_access_operator_Gen* %classvariable.this to i8*
%var5 = bitcast %class.save_access_operator_Gen* %classvariable.this.addr to i8*
call void @llvm.memcpy.p0i8.p0i8.i64(i8* %var4, i8* %var5, i64 4, i32 4, i1 false)
ret void 
unreachable
}
define weak void @save_access_operator_MyClass_Ref_save_access_operator_Gen(%class.save_access_operator_MyClass*  %classvariable.this, %class.save_access_operator_Gen*  %save_access_operator_MyClass.i) #0
{
%classvariable.this.addr = alloca %class.save_access_operator_MyClass, align 8
%var6 = getelementptr inbounds %class.save_access_operator_MyClass* %classvariable.this.addr, i32 0, i32 0
store %class.save_access_operator_Gen* %save_access_operator_MyClass.i, %class.save_access_operator_Gen** %var6, align 8
%var7 = bitcast %class.save_access_operator_MyClass* %classvariable.this to i8*
%var8 = bitcast %class.save_access_operator_MyClass* %classvariable.this.addr to i8*
call void @llvm.memcpy.p0i8.p0i8.i64(i8* %var7, i8* %var8, i64 8, i32 4, i1 false)
ret void 
unreachable
}
define weak i32 @save_access_operator_test1() #0
{
%managed.unique.0.save_access_operator_test1.x = alloca %class.save_access_operator_MyClass*, align 8
%var9 = load %class.save_access_operator_MyClass** %managed.unique.0.save_access_operator_test1.x, align 8
store %class.save_access_operator_MyClass* null, %class.save_access_operator_MyClass** %managed.unique.0.save_access_operator_test1.x, align 8
%var10 = load %class.save_access_operator_MyClass** %managed.unique.0.save_access_operator_test1.x, align 8
%var12 = call i8* @malloc_heap(i32 8)
%var11 = bitcast i8* %var12 to %class.save_access_operator_Gen**
%var13 = icmp eq %class.save_access_operator_MyClass* %var10, null
br i1 %var13, label %label.safe.access.1, label %label.safe.access.2
label.safe.access.1:
store %class.save_access_operator_Gen* null, %class.save_access_operator_Gen** %var11, align 8
br label %label.safe.access.3
label.safe.access.2:
%var14 = load %class.save_access_operator_MyClass** %managed.unique.0.save_access_operator_test1.x, align 8
%var15 = getelementptr inbounds %class.save_access_operator_MyClass* %var14, i32 0, i32 0
%var16 = load %class.save_access_operator_Gen** %var15, align 8
store %class.save_access_operator_Gen* %var16, %class.save_access_operator_Gen** %var11, align 8
br label %label.safe.access.3
label.safe.access.3:
%var17 = load %class.save_access_operator_Gen** %var11, align 8
%var19 = call i8* @malloc_heap(i32 8)
%var18 = bitcast i8* %var19 to %class.save_access_operator_MyClass*
%var20 = alloca %class.save_access_operator_MyClass*, align 8
store %class.save_access_operator_MyClass* %var18, %class.save_access_operator_MyClass** %var20, align 8
call void @save_access_operator_MyClass_Ref_save_access_operator_Gen(%class.save_access_operator_MyClass* %var18, %class.save_access_operator_Gen* %var17)
%managed.unique.1.save_access_operator_test1.y = alloca %class.save_access_operator_MyClass*, align 8
%var21 = load %class.save_access_operator_MyClass** %managed.unique.1.save_access_operator_test1.y, align 8
%var22 = load %class.save_access_operator_MyClass** %var20, align 8
store %class.save_access_operator_MyClass* %var22, %class.save_access_operator_MyClass** %managed.unique.1.save_access_operator_test1.y, align 8
%var23 = load %class.save_access_operator_MyClass** %managed.unique.1.save_access_operator_test1.y, align 8
%var24 = load %class.save_access_operator_MyClass** %managed.unique.1.save_access_operator_test1.y, align 8
%var25 = icmp eq %class.save_access_operator_MyClass* %var24, null
br i1 %var25, label %label.if.4, label %label.if.5
label.if.4:
ret i32 0
br label %label.if.6
label.if.5:
ret i32 1
br label %label.if.6
label.if.6:
unreachable
}

